FAILED tests/test_legacy_update_extras.py::test_legacy_update_validacion_cruzada_tipo_inconsistente - RuntimeError: Event loop is closed
FAILED tests/test_legacy_update_extras.py::test_legacy_update_warning_count_mixto - RuntimeError: Event loop is closed
FAILED tests/test_legacy_update_extras.py::test_legacy_update_motivo_decision_planificador - RuntimeError: Event loop is closed
FAILED tests/test_legacy_update_extras.py::test_legacy_update_motivo_empresa_cancelo - RuntimeError: Event loop is closed
FAILED tests/test_legacy_update_extras.py::test_legacy_update_motivo_vacio_no_borra_existente - RuntimeError: Event loop is closed
FAILED tests/test_legacy_update_extras.py::test_legacy_update_motivo_invalido_warning - RuntimeError: Event loop is closed
FAILED tests/test_legacy_update_extras.py::test_legacy_update_excel_sin_columna_motivo_compatibilidad - RuntimeError: Event loop is closed
FAILED tests/test_operacion.py::test_actualizar_slot_estado - RuntimeError: Event loop is closed
FAILED tests/test_operacion.py::test_actualizar_slot_confirmado_to_ok - RuntimeError: Event loop is closed
FAILED tests/test_operacion.py::test_actualizar_slot_vacante_assign_empresa - RuntimeError: Event loop is closed
FAILED tests/test_operacion.py::test_batch_update_slots - RuntimeError: Event loop is closed
FAILED tests/test_operacion.py::test_obtener_resumen - RuntimeError: Event loop is closed
FAILED tests/test_operacion.py::test_importar_excel_dry_run - RuntimeError: Event loop is closed
FAILED tests/test_operacion.py::test_importar_excel_cambios_detalle - RuntimeError: Event loop is closed
FAILED tests/test_operacion.py::test_importar_excel_applies_changes - RuntimeError: Event loop is closed
FAILED tests/test_planificacion_extras.py::test_extra_inserted_when_ep_and_collision - RuntimeError: Event loop is closed
FAILED tests/test_planificacion_extras.py::test_no_ep_no_extra - RuntimeError: Event loop is closed
FAILED tests/test_planificacion_extras.py::test_ep_no_collision_no_extra - RuntimeError: Event loop is closed
FAILED tests/test_planificacion_extras.py::test_delete_extra_endpoint - RuntimeError: Event loop is closed
FAILED tests/test_planificacion_extras.py::test_empresa_no_encontrada_is_hard_reject - RuntimeError: Event loop is closed
FAILED tests/test_planificacion_extras.py::test_get_extras_with_estado_filter - RuntimeError: Event loop is closed
FAILED tests/test_planificacion_extras.py::test_extra_classified_when_strict_match_and_ep_and_collision - RuntimeError: Event loop is closed
FAILED tests/test_planificacion_extras.py::test_two_ep_companies_collision - RuntimeError: Event loop is closed
FAILED tests/test_planificacion_extras.py::test_crear_extra_ok_con_colision_y_empresa_ep - RuntimeError: Event loop is closed
FAILED tests/test_planificacion_extras.py::test_crear_extra_rechaza_empresa_inexistente - RuntimeError: Event loop is closed
FAILED tests/test_planificacion_extras.py::test_crear_extra_rechaza_empresa_inactiva - RuntimeError: Event loop is closed
FAILED tests/test_planificacion_extras.py::test_crear_extra_rechaza_taller_inexistente - RuntimeError: Event loop is closed
FAILED tests/test_planificacion_extras.py::test_crear_extra_rechaza_empresa_no_ep - RuntimeError: Event loop is closed
FAILED tests/test_planificacion_extras.py::test_crear_extra_rechaza_sin_colision - RuntimeError: Event loop is closed
FAILED tests/test_planificacion_extras.py::test_crear_extra_rechaza_duplicado_exacto - RuntimeError: Event loop is closed
FAILED tests/test_planificacion_extras.py::test_editar_extra_cambiar_empresa_a_otra_ep - RuntimeError: Event loop is closed
FAILED tests/test_planificacion_extras.py::test_editar_extra_solo_notas - RuntimeError: Event loop is closed
FAILED tests/test_planificacion_extras.py::test_editar_extra_notas_vacias_limpia - RuntimeError: Event loop is closed
FAILED tests/test_planificacion_extras.py::test_editar_extra_slot_inexistente - RuntimeError: Event loop is closed
FAILED tests/test_planificacion_extras.py::test_editar_extra_slot_es_base_no_extra - RuntimeError: Event loop is closed
FAILED tests/test_planificacion_extras.py::test_editar_extra_nueva_empresa_no_ep - RuntimeError: Event loop is closed
FAILED tests/test_planificacion_extras.py::test_editar_extra_body_vacio - RuntimeError: Event loop is closed
FAILED tests/test_settings.py::test_get_settings - RuntimeError: Event loop is closed
FAILED tests/test_settings.py::test_update_settings_trimestre_siguiente - RuntimeError: Event loop is closed
FAILED tests/test_settings.py::test_promover_without_siguiente_fails - RuntimeError: Event loop is closed
FAILED tests/test_talleres.py::test_listar_talleres - RuntimeError: Event loop is closed
FAILED tests/test_talleres.py::test_talleres_have_required_fields - RuntimeError: Event loop is closed
FAILED tests/test_talleres.py::test_talleres_distribution - RuntimeError: Event loop is closed
FAILED tests/test_talleres.py::test_talleres_filter_programa_ef - RuntimeError: Event loop is closed
FAILED tests/test_talleres.py::test_talleres_filter_programa_it - RuntimeError: Event loop is closed
FAILED tests/test_talleres.py::test_talleres_dias_distribucion - RuntimeError: Event loop is closed
FAILED tests/test_talleres.py::test_obtener_taller_by_id - RuntimeError: Event loop is closed
FAILED tests/test_talleres.py::test_obtener_taller_not_found - RuntimeError: Event loop is closed
=========== 103 failed, 4 passed, 36 warnings in 107.07s (0:01:47) ============
<sys>:0: RuntimeWarning: coroutine 'Connection._cancel' was never awaited
